AR mealy behavioral "F:/SCHOOL WORK/2015-2016/Digital Design Lab/BicycleLock/mealy.vhd" sub00/vhpl05 1448669404
EN dlock NULL "F:/SCHOOL WORK/2015-2016/Digital Design Lab/BicycleLock/BicycleLock.vhd" sub00/vhpl00 1448659992
EN mealy NULL "F:/SCHOOL WORK/2015-2016/Digital Design Lab/BicycleLock/mealy.vhd" sub00/vhpl04 1448669403
EN dlock2 NULL "F:/SCHOOL WORK/2015-2016/Digital Design Lab/BicycleLock/Dlock2.vhd" sub00/vhpl02 1449095702
AR dlock behavioral "F:/SCHOOL WORK/2015-2016/Digital Design Lab/BicycleLock/BicycleLock.vhd" sub00/vhpl01 1448659993
AR dlock2 behavioral "F:/SCHOOL WORK/2015-2016/Digital Design Lab/BicycleLock/Dlock2.vhd" sub00/vhpl03 1449095703
